---
source: tui/src/app/tests/model_catalog.rs
expression: model_migration_copy_to_plain_text(&copy)
---
Codex just got an upgrade. Introducing DeepSeek V4 Pro.

We recommend switching from deepseek-v4-flash to deepseek-v4-pro.

DeepSeek V4 flagship for complex coding, research, and agentic work.

You can continue using deepseek-v4-flash if you prefer.
